// Jest Snapshot v1, https://goo.gl/fbAQLP

exports[`should match snapshot 1`] = `
<DocumentFragment>
  <div
    class="Box-Container"
  >
    <div
      class="Box"
      style="background-color: red;"
    />
    <button>
      X
    </button>
  </div>
</DocumentFragment>
`;
